============================= test session starts =============================
platform win32 -- Python 3.11.4, pytest-7.4.0, pluggy-1.0.0 -- C:\ProgramData\anaconda3\python.exe
cachedir: .pytest_cache
rootdir: D:\PRECISEHBR\smart_fhir_app
configfile: pytest.ini
plugins: Faker-37.8.0, anyio-3.5.0
collecting ... collected 108 items

tests/test_mfa_validator.py::TestMFAMethodsConstants::test_mfa_methods_contains_standard_methods PASSED [  0%]
tests/test_mfa_validator.py::TestMFAMethodsConstants::test_password_methods_defined PASSED [  1%]
tests/test_mfa_validator.py::TestMFAMethodsConstants::test_mfa_and_password_methods_are_disjoint PASSED [  2%]
tests/test_mfa_validator.py::TestCheckMFAStatus::test_returns_has_mfa_true_for_mfa_method PASSED [  3%]
tests/test_mfa_validator.py::TestCheckMFAStatus::test_returns_has_mfa_true_for_otp PASSED [  4%]
tests/test_mfa_validator.py::TestCheckMFAStatus::test_returns_has_mfa_true_for_hardware_key PASSED [  5%]
tests/test_mfa_validator.py::TestCheckMFAStatus::test_returns_has_mfa_false_for_password_only PASSED [  6%]
tests/test_mfa_validator.py::TestCheckMFAStatus::test_returns_unknown_status_for_empty_methods PASSED [  7%]
tests/test_mfa_validator.py::TestCheckMFAStatus::test_returns_all_mfa_methods_used PASSED [  8%]
tests/test_mfa_validator.py::TestCheckMFAStatus::test_preserves_all_auth_methods PASSED [  9%]
tests/test_mfa_validator.py::TestIsMFAAuthenticated::test_returns_true_when_mfa_in_session PASSED [ 10%]
tests/test_mfa_validator.py::TestIsMFAAuthenticated::test_returns_false_when_no_mfa_in_session PASSED [ 11%]
tests/test_mfa_validator.py::TestIsMFAAuthenticated::test_returns_false_when_no_session PASSED [ 12%]
tests/test_mfa_validator.py::TestRequireMFADecorator::test_allows_access_with_mfa PASSED [ 12%]
tests/test_mfa_validator.py::TestRequireMFADecorator::test_denies_access_without_mfa PASSED [ 13%]
tests/test_mfa_validator.py::TestRequireMFADecorator::test_allows_access_with_unknown_status PASSED [ 14%]
tests/test_mfa_validator.py::TestRequireMFADecorator::test_logs_mfa_access_on_success PASSED [ 15%]
tests/test_mfa_validator.py::TestRequireMFADecorator::test_logs_mfa_access_on_denial PASSED [ 16%]
tests/test_mfa_validator.py::TestGetMFASummary::test_returns_mfa_verified_status PASSED [ 17%]
tests/test_mfa_validator.py::TestGetMFASummary::test_returns_password_only_status PASSED [ 18%]
tests/test_mfa_validator.py::TestGetMFASummary::test_returns_unknown_status PASSED [ 19%]
tests/test_consent_service.py::TestConsentStatus::test_status_values_defined PASSED [ 20%]
tests/test_consent_service.py::TestConsentStatus::test_status_enum_members PASSED [ 21%]
tests/test_consent_service.py::TestConsentProvision::test_provision_values PASSED [ 22%]
tests/test_consent_service.py::TestConsentResult::test_create_consent_result PASSED [ 23%]
tests/test_consent_service.py::TestConsentResult::test_consent_result_to_dict PASSED [ 24%]
tests/test_consent_service.py::TestConsentService::test_init_without_client PASSED [ 25%]
tests/test_consent_service.py::TestConsentService::test_init_with_client PASSED [ 25%]
tests/test_consent_service.py::TestConsentService::test_set_client PASSED [ 26%]
tests/test_consent_service.py::TestConsentService::test_check_consent_without_client PASSED [ 27%]
tests/test_consent_service.py::TestConsentService::test_check_consent_with_no_results PASSED [ 28%]
tests/test_consent_service.py::TestConsentService::test_check_consent_with_active_consent PASSED [ 29%]
tests/test_consent_service.py::TestConsentFiltering::test_filter_with_active_consent PASSED [ 30%]
tests/test_consent_service.py::TestConsentFiltering::test_filter_with_no_consent PASSED [ 31%]
tests/test_consent_service.py::TestConsentFiltering::test_filter_with_deny_provision PASSED [ 32%]
tests/test_consent_service.py::TestIsResourcePermitted::test_permitted_resource PASSED [ 33%]
tests/test_consent_service.py::TestIsResourcePermitted::test_denied_resource PASSED [ 34%]
tests/test_consent_service.py::TestIsResourcePermitted::test_no_consent_denies_all PASSED [ 35%]
tests/test_consent_service.py::TestConvenienceFunctions::test_check_consent_before_access PASSED [ 36%]
tests/test_consent_service.py::TestConsentSensitiveResources::test_sensitive_resources_defined PASSED [ 37%]
tests/test_consent_service.py::TestConsentSensitiveResources::test_patient_not_in_sensitive PASSED [ 37%]
tests/test_input_validator_module.py::TestURLValidation::test_valid_https_urls PASSED [ 38%]
tests/test_input_validator_module.py::TestURLValidation::test_valid_http_urls PASSED [ 39%]
tests/test_input_validator_module.py::TestURLValidation::test_reject_internal_ips PASSED [ 40%]
tests/test_input_validator_module.py::TestURLValidation::test_allow_localhost_when_enabled PASSED [ 41%]
tests/test_input_validator_module.py::TestURLValidation::test_reject_invalid_schemes PASSED [ 42%]
tests/test_input_validator_module.py::TestURLValidation::test_reject_dangerous_characters PASSED [ 43%]
tests/test_input_validator_module.py::TestURLValidation::test_reject_excessive_length PASSED [ 44%]
tests/test_input_validator_module.py::TestURLValidation::test_reject_empty_or_none PASSED [ 45%]
tests/test_input_validator_module.py::TestURLValidation::test_reject_missing_hostname PASSED [ 46%]
tests/test_input_validator_module.py::TestPatientIDValidation::test_valid_patient_ids PASSED [ 47%]
tests/test_input_validator_module.py::TestPatientIDValidation::test_accept_uuid_format PASSED [ 48%]
tests/test_input_validator_module.py::TestPatientIDValidation::test_reject_special_characters PASSED [ 49%]
tests/test_input_validator_module.py::TestPatientIDValidation::test_reject_empty_or_none PASSED [ 50%]
tests/test_input_validator_module.py::TestPatientIDValidation::test_reject_excessive_length PASSED [ 50%]
tests/test_input_validator_module.py::TestResourceTypeValidation::test_valid_resource_types PASSED [ 51%]
tests/test_input_validator_module.py::TestResourceTypeValidation::test_reject_invalid_resource_types PASSED [ 52%]
tests/test_input_validator_module.py::TestResourceTypeValidation::test_case_sensitivity PASSED [ 53%]
tests/test_input_validator_module.py::TestJSONStructureValidation::test_valid_json_structures PASSED [ 54%]
tests/test_input_validator_module.py::TestJSONStructureValidation::test_validate_required_fields PASSED [ 55%]
tests/test_input_validator_module.py::TestJSONStructureValidation::test_reject_excessive_nesting PASSED [ 56%]
tests/test_input_validator_module.py::TestJSONStructureValidation::test_reject_non_dict PASSED [ 57%]
tests/test_input_validator_module.py::TestScopeValidation::test_valid_scopes PASSED [ 58%]
tests/test_input_validator_module.py::TestScopeValidation::test_reject_invalid_scopes PASSED [ 59%]
tests/test_input_validator_module.py::TestScopeValidation::test_reject_empty_or_none PASSED [ 60%]
tests/test_input_validator_module.py::TestCodeValidation::test_valid_authorization_codes PASSED [ 61%]
tests/test_input_validator_module.py::TestCodeValidation::test_reject_invalid_codes PASSED [ 62%]
tests/test_input_validator_module.py::TestCodeValidation::test_reject_empty_or_none PASSED [ 62%]
tests/test_input_validator_module.py::TestStateValidation::test_valid_state_parameters PASSED [ 63%]
tests/test_input_validator_module.py::TestStateValidation::test_reject_invalid_states PASSED [ 64%]
tests/test_input_validator_module.py::TestStateValidation::test_reject_empty_or_none PASSED [ 65%]
tests/test_input_validator_module.py::TestStringSanitization::test_sanitize_removes_control_characters PASSED [ 66%]
tests/test_input_validator_module.py::TestStringSanitization::test_sanitize_truncates_length PASSED [ 67%]
tests/test_input_validator_module.py::TestStringSanitization::test_sanitize_handles_none PASSED [ 68%]
tests/test_input_validator_module.py::TestStringSanitization::test_sanitize_preserves_valid_content PASSED [ 69%]
tests/test_input_validator_module.py::TestSecurityPatterns::test_detect_path_traversal_in_patient_id PASSED [ 70%]
tests/test_input_validator_module.py::TestSecurityPatterns::test_detect_sql_injection_in_patient_id PASSED [ 71%]
tests/test_input_validator_module.py::TestSecurityPatterns::test_detect_xss_in_patient_id PASSED [ 72%]
tests/test_input_validator_module.py::TestSecurityPatterns::test_detect_command_injection_in_patient_id PASSED [ 73%]
tests/test_input_validator_module.py::TestEdgeCases::test_unicode_in_patient_id PASSED [ 74%]
tests/test_input_validator_module.py::TestEdgeCases::test_whitespace_in_patient_id PASSED [ 75%]
tests/test_input_validator_module.py::TestEdgeCases::test_boundary_lengths PASSED [ 75%]
tests/test_input_validator_module.py::TestLOINCCodeValidation::test_valid_loinc_codes PASSED [ 76%]
tests/test_input_validator_module.py::TestLOINCCodeValidation::test_reject_invalid_loinc_formats PASSED [ 77%]
tests/test_input_validator_module.py::TestLOINCCodeValidation::test_reject_loinc_injection PASSED [ 78%]
tests/test_input_validator_module.py::TestFHIRDateValidation::test_valid_fhir_dates PASSED [ 79%]
tests/test_input_validator_module.py::TestFHIRDateValidation::test_valid_fhir_date_prefixes PASSED [ 80%]
tests/test_input_validator_module.py::TestFHIRDateValidation::test_reject_invalid_date_formats PASSED [ 81%]
tests/test_input_validator_module.py::TestSearchParamNameValidation::test_allowed_search_params PASSED [ 82%]
tests/test_input_validator_module.py::TestSearchParamNameValidation::test_allowed_params_with_modifiers PASSED [ 83%]
tests/test_input_validator_module.py::TestSearchParamNameValidation::test_reject_unknown_params PASSED [ 84%]
tests/test_input_validator_module.py::TestSearchParamValueValidation::test_valid_search_values PASSED [ 85%]
tests/test_input_validator_module.py::TestSearchParamValueValidation::test_reject_injection_attempts PASSED [ 86%]
tests/test_input_validator_module.py::TestSearchParamValueValidation::test_reject_excessive_length PASSED [ 87%]
tests/test_input_validator_module.py::TestDetectInjectionPatterns::test_detects_sql_injection PASSED [ 87%]
tests/test_input_validator_module.py::TestDetectInjectionPatterns::test_detects_template_injection PASSED [ 88%]
tests/test_input_validator_module.py::TestDetectInjectionPatterns::test_detects_path_traversal PASSED [ 89%]
tests/test_input_validator_module.py::TestDetectInjectionPatterns::test_clean_values_pass PASSED [ 90%]
tests/test_input_validator_module.py::TestValidateFHIRSearchParams::test_valid_search_params_dict PASSED [ 91%]
tests/test_input_validator_module.py::TestValidateFHIRSearchParams::test_empty_params_valid PASSED [ 92%]
tests/test_input_validator_module.py::TestValidateFHIRSearchParams::test_reject_too_many_params PASSED [ 93%]
tests/test_input_validator_module.py::TestValidateFHIRSearchParams::test_reject_injection_in_params PASSED [ 94%]
tests/test_input_validator_module.py::TestValidateFHIRSearchParams::test_validates_date_params PASSED [ 95%]
tests/test_input_validator_module.py::TestValidateFHIRSearchParams::test_validates_patient_id PASSED [ 96%]
tests/test_input_validator_module.py::TestSanitizeFHIRSearchValue::test_preserves_valid_fhir_syntax PASSED [ 97%]
tests/test_input_validator_module.py::TestSanitizeFHIRSearchValue::test_removes_dangerous_chars PASSED [ 98%]
tests/test_input_validator_module.py::TestSanitizeFHIRSearchValue::test_truncates_long_values PASSED [ 99%]
tests/test_input_validator_module.py::TestSanitizeFHIRSearchValue::test_handles_empty_input PASSED [100%]

============================= 108 passed in 0.81s =============================
